%!Adobe-FontList 1.14
%Locale:0x409

%BeginFont
Handler:DirectoryHandler
FontType:Type1
FontName:Gotham-Bold
FamilyName:Gotham
StyleName:Bold
MenuName:Gotham
StyleBits:2
WeightClass:700
WidthClass:5
AngleClass:0
FullName:Gotham-Bold
WritingScript:Roman
OutlineFileName:\GothaBol
DataFormat:POSTResource
UsesStandardEncoding:no
isCFF:no
FileLength:35360
FileModTime:1316006402
DesignSize:-1
%EndFont

%BeginFont
Handler:DirectoryHandler
FontType:Type1
FontName:Gotham-Book
FamilyName:Gotham
StyleName:Book
MenuName:Gotham
StyleBits:0
WeightClass:400
WidthClass:5
AngleClass:0
FullName:Gotham-Book
WritingScript:Roman
OutlineFileName:\GothaBoo
DataFormat:POSTResource
UsesStandardEncoding:no
isCFF:no
FileLength:34921
FileModTime:1297091050
DesignSize:-1
%EndFont

%BeginFont
Handler:DirectoryHandler
FontType:Type1
FontName:Gotham-BookItalic
FamilyName:Gotham
StyleName:BookItalic
MenuName:Gotham
StyleBits:1
WeightClass:400
WidthClass:5
AngleClass:1
FullName:Gotham-BookItalic
WritingScript:Roman
OutlineFileName:\GothaBooIta
DataFormat:POSTResource
UsesStandardEncoding:no
isCFF:no
FileLength:35615
FileModTime:1297091050
DesignSize:-1
%EndFont

%BeginFont
Handler:DirectoryHandler
FontType:Suitcase
FontName:Gotham-Bold
OutlineFileName:\Gotham Bold
ResourceID:4161
MacStyle:0
FileLength:35040
FileModTime:1316006402
%EndFont

%BeginFont
Handler:DirectoryHandler
FontType:Suitcase
FontName:Gotham-BoldItalic
OutlineFileName:\Gotham Bold
ResourceID:4161
MacStyle:2
FileLength:35040
FileModTime:1316006402
%EndFont

%BeginFont
Handler:DirectoryHandler
FontType:Suitcase
FontName:Gotham-Book
OutlineFileName:\Gotham Book
ResourceID:4159
MacStyle:0
FileLength:33968
FileModTime:1297091050
%EndFont

%BeginFont
Handler:DirectoryHandler
FontType:Suitcase
FontName:Gotham-BookItalic
OutlineFileName:\Gotham Book
ResourceID:4159
MacStyle:2
FileLength:33968
FileModTime:1297091050
%EndFont

%BeginFont
Handler:DirectoryHandler
FontType:Suitcase
FontName:Gotham-Light
OutlineFileName:\Gotham Light
ResourceID:4158
MacStyle:0
FileLength:33150
FileModTime:1316006401
%EndFont

%BeginFont
Handler:DirectoryHandler
FontType:Suitcase
FontName:Gotham-LightItalic
OutlineFileName:\Gotham Light
ResourceID:4158
MacStyle:2
FileLength:33150
FileModTime:1316006401
%EndFont

